13:13:00 **** Auto Build of configuration Debug for project Echo_LAN ****
make pre-build main-build 
a9-linaro-pre-build-step
' '
'Building file: ../src/main.c'
'Invoking: ARM v7 gcc compiler'
arm-none-eabi-gcc -Wall -O0 -g3 -c -fmessage-length=0 -MT"src/main.o" -mcpu=cortex-a9 -mfpu=vfpv3 -mfloat-abi=hard -I../../standalone_bsp_0/ps7_cortexa9_0/include -MMD -MP -MF"src/main.d" -MT"src/main.o" -o "src/main.o" "../src/main.c"
../src/main.c:138:86: warning: 'struct ip_addr' declared inside parameter list will not be visible outside of this definition or declaration
 void recv_callback_udp(void *arg, struct udp_pcb *upcb, struct pbuf *pkt_buf, struct ip_addr *addr, u16_t port)
                                                                                      ^~~~~~~
../src/main.c: In function 'UDPServer_init':
../src/main.c:176:19: warning: passing argument 2 of 'udp_recv' from incompatible pointer type [-Wincompatible-pointer-types]
  udp_recv(UDPpcb, recv_callback_udp, NULL);
                   ^~~~~~~~~~~~~~~~~
In file included from ../src/main.c:43:
../../standalone_bsp_0/ps7_cortexa9_0/include/lwip/udp.h:128:67: note: expected 'udp_recv_fn' {aka 'void (*)(void *, struct udp_pcb *, struct pbuf *, const struct ip4_addr *, short unsigned int)'} but argument is of type 'void (*)(void *, struct udp_pcb *, struct pbuf *, struct ip_addr *, u16_t)' {aka 'void (*)(void *, struct udp_pcb *, struct pbuf *, struct ip_addr *, short unsigned int)'}
 void             udp_recv       (struct udp_pcb *pcb, udp_recv_fn recv,
                                                       ~~~~~~~~~~~~^~~~
../src/main.c: In function 'main':
../src/main.c:304:4: warning: implicit declaration of function 'usleep'; did you mean 'fseek'? [-Wimplicit-function-declaration]
    usleep(100);
    ^~~~~~
    fseek
'Finished building: ../src/main.c'
' '
'Building target: Echo_LAN.elf'
'Invoking: ARM v7 gcc linker'
arm-none-eabi-gcc -mcpu=cortex-a9 -mfpu=vfpv3 -mfloat-abi=hard -Wl,-build-id=none -specs=Xilinx.spec -Wl,-T -Wl,../src/lscript.ld -L../../standalone_bsp_0/ps7_cortexa9_0/lib -o "Echo_LAN.elf"  ./src/echo.o ./src/i2c_access.o ./src/iic_phyreset.o ./src/main.o ./src/platform.o ./src/platform_mb.o ./src/platform_ppc.o ./src/platform_zynq.o ./src/platform_zynqmp.o ./src/sfp.o ./src/si5324.o   -Wl,--start-group,-lxil,-lgcc,-lc,--end-group -Wl,--start-group,-lxilffs,-lxil,-lgcc,-lc,--end-group -Wl,--start-group,-lxil,-llwip4,-lgcc,-lc,--end-group
'Finished building target: Echo_LAN.elf'
' '
'Invoking: ARM v7 Print Size'
arm-none-eabi-size Echo_LAN.elf  |tee "Echo_LAN.elf.size"
   text	   data	    bss	    dec	    hex	filename
 111336	   3480	2218304	2333120	 2399c0	Echo_LAN.elf
'Finished building: Echo_LAN.elf.size'
' '

13:13:02 Build Finished (took 1s.224ms)

